============================= test session starts =============================
platform win32 -- Python 3.12.7, pytest-7.4.4, pluggy-1.0.0 -- E:\Anaconda\python.exe
cachedir: .pytest_cache
rootdir: F:\Linkedin Job Extracter
plugins: anyio-4.2.0
collecting ... collected 0 items / 1 error

=================================== ERRORS ====================================
___________________ ERROR collecting tests/test_storage.py ____________________
ImportError while importing test module 'F:\Linkedin Job Extracter\tests\test_storage.py'.
Hint: make sure your test modules/packages have valid Python names.
Traceback:
E:\Anaconda\Lib\importlib\__init__.py:90: in import_module
    return _bootstrap._gcd_import(name[level:], package, level)
tests\test_storage.py:11: in <module>
    from storage.postgres import PostgresStorage
storage\postgres.py:21: in <module>
    from utils.logger import logger
utils\logger.py:7: in <module>
    from loguru import logger
E   ModuleNotFoundError: No module named 'loguru'
=========================== short test summary info ===========================
ERROR tests/test_storage.py
!!!!!!!!!!!!!!!!!!! Interrupted: 1 error during collection !!!!!!!!!!!!!!!!!!!!
============================== 1 error in 1.48s ===============================
